// Jest Snapshot v1, https://goo.gl/fbAQLP

exports[`init 1`] = `
Object {
  "beforeSend": [Function],
  "dsn": "SENTRY_DNS",
  "environment": "production",
  "integrations": Array [
    mockConstructor {},
    mockConstructor {},
  ],
  "tracesSampleRate": 1,
}
`;
